// Jest Snapshot v1, https://goo.gl/fbAQLP

exports[`matches the snapshot 1`] = `
<DocumentFragment>
  <form>
    <label
      for="todo"
    >
      Todo
    </label>
    <input
      id="todo"
      name="todo"
      placeholder="New Todo"
      type="text"
      value=""
    />
    <button>
      Add New Todo
    </button>
  </form>
</DocumentFragment>
`;
